[1m[92m    Updating[0m crates.io index
[1m[92m Downloading[0m crates ...
[1m[92m  Downloaded[0m fragile v2.1.0
[1m[92m  Downloaded[0m anstyle v1.0.14
[1m[92m  Downloaded[0m ahash v0.7.8
[1m[92m  Downloaded[0m anstream v1.0.0
[1m[92m  Downloaded[0m allocator-api2 v0.2.21
[1m[92m  Downloaded[0m aho-corasick v1.1.4
[1m[92m  Downloaded[0m anstyle-parse v1.0.0
[1m[92m  Downloaded[0m anstyle-query v1.1.5
[1m[92m  Downloaded[0m bytecheck_derive v0.6.12
[1m[92m  Downloaded[0m form_urlencoded v1.2.2
[1m[92m  Downloaded[0m bitvec v1.1.1
[1m[92m  Downloaded[0m cairo-sys-rs v0.22.0
[1m[92m  Downloaded[0m displaydoc v0.2.6
[1m[92m  Downloaded[0m futures-sink v0.3.32
[1m[92m  Downloaded[0m equivalent v1.0.2
[1m[92m  Downloaded[0m futures v0.3.32
[1m[92m  Downloaded[0m field-offset v0.3.6
[1m[92m  Downloaded[0m flume v0.12.0
[1m[92m  Downloaded[0m foldhash v0.2.0
[1m[92m  Downloaded[0m futures-executor v0.3.32
[1m[92m  Downloaded[0m futures-macro v0.3.32
[1m[92m  Downloaded[0m potential_utf v0.1.5
[1m[92m  Downloaded[0m proc-macro-crate v3.5.0
[1m[92m  Downloaded[0m ptr_meta v0.1.4
[1m[92m  Downloaded[0m cc v1.2.67
[1m[92m  Downloaded[0m defmt v1.1.1
[1m[92m  Downloaded[0m ptr_meta_derive v0.1.4
[1m[92m  Downloaded[0m cfg-if v1.0.4
[1m[92m  Downloaded[0m gdk-pixbuf v0.22.0
[1m[92m  Downloaded[0m gdk-pixbuf-sys v0.22.0
[1m[92m  Downloaded[0m gdk4 v0.11.4
[1m[92m  Downloaded[0m gtk4-macros v0.11.4
[1m[92m  Downloaded[0m autocfg v1.5.1
[1m[92m  Downloaded[0m bitflags v1.3.2
[1m[92m  Downloaded[0m bytecheck v0.6.12
[1m[92m  Downloaded[0m proc-macro2 v1.0.106
[1m[92m  Downloaded[0m bitflags v2.13.0
[1m[92m  Downloaded[0m colorchoice v1.0.5
[1m[92m  Downloaded[0m find-msvc-tools v0.1.9
[1m[92m  Downloaded[0m futures-io v0.3.32
[1m[92m  Downloaded[0m gdk4-sys v0.11.4
[1m[92m  Downloaded[0m tinyvec v1.12.0
[1m[92m  Downloaded[0m base64 v0.22.1
[1m[92m  Downloaded[0m bytes v1.12.1
[1m[92m  Downloaded[0m env_logger v0.11.11
[1m[92m  Downloaded[0m fastrand v2.4.1
[1m[92m  Downloaded[0m futures-task v0.3.32
[1m[92m  Downloaded[0m futures-util v0.3.32
[1m[92m  Downloaded[0m fuzzy-matcher v0.3.7
[1m[92m  Downloaded[0m gio v0.22.8
[1m[92m  Downloaded[0m icu_normalizer v2.2.0
[1m[92m  Downloaded[0m itoa v1.0.18
[1m[92m  Downloaded[0m memoffset v0.9.1
[1m[92m  Downloaded[0m serde v1.0.228
[1m[92m  Downloaded[0m toml v1.1.2+spec-1.1.0
[1m[92m  Downloaded[0m defmt-macros v1.1.1
[1m[92m  Downloaded[0m cfg_aliases v0.2.1
[1m[92m  Downloaded[0m funty v2.0.0
[1m[92m  Downloaded[0m idna_adapter v1.2.2
[1m[92m  Downloaded[0m simdutf8 v0.1.5
[1m[92m  Downloaded[0m env_filter v2.0.0
[1m[92m  Downloaded[0m gsk4-sys v0.11.4
[1m[92m  Downloaded[0m heck v0.5.0
[1m[92m  Downloaded[0m is_terminal_polyfill v1.70.2
[1m[92m  Downloaded[0m percent-encoding v2.3.2
[1m[92m  Downloaded[0m defmt-parser v1.0.0
[1m[92m  Downloaded[0m graphene-sys v0.22.8
[1m[92m  Downloaded[0m jobserver v0.1.35
[1m[92m  Downloaded[0m pango-sys v0.22.0
[1m[92m  Downloaded[0m pin-project-lite v0.2.17
[1m[92m  Downloaded[0m pkg-config v0.3.33
[1m[92m  Downloaded[0m relm4 v0.11.0
[1m[92m  Downloaded[0m rkyv_derive v0.7.46
[1m[92m  Downloaded[0m serde_spanned v1.1.1
[1m[92m  Downloaded[0m subtle v2.6.1
[1m[92m  Downloaded[0m futures-core v0.3.32
[1m[92m  Downloaded[0m gobject-sys v0.22.6
[1m[92m  Downloaded[0m graphene-rs v0.22.8
[1m[92m  Downloaded[0m gsk4 v0.11.4
[1m[92m  Downloaded[0m icu_locale_core v2.2.0
[1m[92m  Downloaded[0m io-lifetimes v2.0.4
[1m[92m  Downloaded[0m libadwaita-sys v0.9.2
[1m[92m  Downloaded[0m lock_api v0.4.14
[1m[92m  Downloaded[0m lru v0.18.1
[1m[92m  Downloaded[0m once_cell v1.21.4
[1m[92m  Downloaded[0m cfg-expr v0.20.8
[1m[92m  Downloaded[0m futures-channel v0.3.32
[1m[92m  Downloaded[0m getrandom v0.2.17
[1m[92m  Downloaded[0m icu_properties v2.2.0
[1m[92m  Downloaded[0m icu_provider v2.2.0
[1m[92m  Downloaded[0m litemap v0.8.2
[1m[92m  Downloaded[0m log v0.4.33
[1m[92m  Downloaded[0m pango v0.22.8
[1m[92m  Downloaded[0m radium v0.7.0
[1m[92m  Downloaded[0m scopeguard v1.2.0
[1m[92m  Downloaded[0m seahash v4.1.0
[1m[92m  Downloaded[0m serde_yaml v0.9.34+deprecated
[1m[92m  Downloaded[0m slab v0.4.12
[1m[92m  Downloaded[0m tinystr v0.8.3
[1m[92m  Downloaded[0m cairo-rs v0.22.0
[1m[92m  Downloaded[0m glib-macros v0.22.6
[1m[92m  Downloaded[0m glib-sys v0.22.8
[1m[92m  Downloaded[0m icu_normalizer_data v2.2.0
[1m[92m  Downloaded[0m icu_collections v2.2.0
[1m[92m  Downloaded[0m memchr v2.8.3
[1m[92m  Downloaded[0m gio-sys v0.22.8
[1m[92m  Downloaded[0m hashbrown v0.12.3
[1m[92m  Downloaded[0m indexmap v2.14.0
[1m[92m  Downloaded[0m relm4-macros v0.11.0
[1m[92m  Downloaded[0m smallvec v1.15.2
[1m[92m  Downloaded[0m stable_deref_trait v1.2.1
[1m[92m  Downloaded[0m tinyvec_macros v0.1.1
[1m[92m  Downloaded[0m gtk4-sys v0.11.4
[1m[92m  Downloaded[0m idna v1.1.0
[1m[92m  Downloaded[0m quote v1.0.46
[1m[92m  Downloaded[0m rustc_version v0.4.1
[1m[92m  Downloaded[0m tap v1.0.1
[1m[92m  Downloaded[0m libadwaita v0.9.2
[1m[92m  Downloaded[0m hashbrown v0.17.1
[1m[92m  Downloaded[0m utf8_iter v1.0.4
[1m[92m  Downloaded[0m icu_properties_data v2.2.0
[1m[92m  Downloaded[0m thread_local v1.1.10
[1m[92m  Downloaded[0m utf8parse v0.2.2
[1m[92m  Downloaded[0m version-compare v0.2.1
[1m[92m  Downloaded[0m relm4-css v0.11.0
[1m[92m  Downloaded[0m rend v0.4.2
[1m[92m  Downloaded[0m shlex v2.0.1
[1m[92m  Downloaded[0m synstructure v0.13.2
[1m[92m  Downloaded[0m system-deps v7.0.8
[1m[92m  Downloaded[0m unicode-bidi-mirroring v0.4.0
[1m[92m  Downloaded[0m untrusted v0.9.0
[1m[92m  Downloaded[0m version_check v0.9.5
[1m[92m  Downloaded[0m webpki-roots v0.26.11
[1m[92m  Downloaded[0m yoke-derive v0.8.2
[1m[92m  Downloaded[0m zerofrom v0.1.8
[1m[92m  Downloaded[0m zerofrom-derive v0.1.7
[1m[92m  Downloaded[0m writeable v0.6.3
[1m[92m  Downloaded[0m zmij v1.0.21
[1m[92m  Downloaded[0m zstd v0.13.3
[1m[92m  Downloaded[0m target-lexicon v0.13.5
[1m[92m  Downloaded[0m toml_writer v1.1.1+spec-1.1.0
[1m[92m  Downloaded[0m glib v0.22.8
[1m[92m  Downloaded[0m thiserror-impl v2.0.18
[1m[92m  Downloaded[0m toml_datetime v1.1.1+spec-1.1.0
[1m[92m  Downloaded[0m toml_parser v1.1.2+spec-1.1.0
[1m[92m  Downloaded[0m vte4 v0.10.0
[1m[92m  Downloaded[0m vte4-sys v0.10.0
[1m[92m  Downloaded[0m wyz v0.5.1
[1m[92m  Downloaded[0m zeroize v1.9.0
[1m[92m  Downloaded[0m zerovec-derive v0.11.3
[1m[92m  Downloaded[0m zstd-safe v7.2.4
[1m[92m  Downloaded[0m rustls-pki-types v1.15.0
[1m[92m  Downloaded[0m semver v1.0.28
[1m[92m  Downloaded[0m spin v0.9.8
[1m[92m  Downloaded[0m thiserror v2.0.18
[1m[92m  Downloaded[0m nix v0.31.3
[1m[92m  Downloaded[0m tracing-attributes v0.1.31
[1m[92m  Downloaded[0m tracing-core v0.1.36
[1m[92m  Downloaded[0m unicode-ident v1.0.24
[1m[92m  Downloaded[0m yoke v0.8.3
[1m[92m  Downloaded[0m ryu v1.0.23
[1m[92m  Downloaded[0m serde_core v1.0.228
[1m[92m  Downloaded[0m serde_derive v1.0.228
[1m[92m  Downloaded[0m unicode-bidi v0.3.18
[1m[92m  Downloaded[0m unsafe-libyaml v0.2.11
[1m[92m  Downloaded[0m toml_edit v0.25.12+spec-1.1.0
[1m[92m  Downloaded[0m url v2.5.8
[1m[92m  Downloaded[0m uuid v1.23.4
[1m[92m  Downloaded[0m zerotrie v0.2.4
[1m[92m  Downloaded[0m rustls-webpki v0.103.13
[1m[92m  Downloaded[0m regex v1.13.0
[1m[92m  Downloaded[0m rkyv v0.7.46
[1m[92m  Downloaded[0m serde_json v1.0.150
[1m[92m  Downloaded[0m ureq v2.12.1
[1m[92m  Downloaded[0m zerovec v0.11.6
[1m[92m  Downloaded[0m winnow v1.0.3
[1m[92m  Downloaded[0m gtk4 v0.11.4
[1m[92m  Downloaded[0m syn v1.0.109
[1m[92m  Downloaded[0m webpki-roots v1.0.8
[1m[92m  Downloaded[0m syn v2.0.118
[1m[92m  Downloaded[0m unicode-width v0.2.2
[1m[92m  Downloaded[0m pcre2-sys v0.2.10
[1m[92m  Downloaded[0m regex-syntax v0.8.11
[1m[92m  Downloaded[0m rustls v0.23.41
[1m[92m  Downloaded[0m jiff v0.2.32
[1m[92m  Downloaded[0m tracing v0.1.44
[1m[92m  Downloaded[0m libc v0.2.186
[1m[92m  Downloaded[0m regex-automata v0.4.15
[1m[92m  Downloaded[0m zstd-sys v2.0.16+zstd.1.5.7
[1m[92m  Downloaded[0m tokio v1.52.3
[1m[92m  Downloaded[0m ring v0.17.14
[1m[92m   Compiling[0m pkg-config v0.3.33
[1m[92m   Compiling[0m proc-macro2 v1.0.106
[1m[92m   Compiling[0m quote v1.0.46
[1m[92m   Compiling[0m unicode-ident v1.0.24
[1m[92m   Compiling[0m winnow v1.0.3
[1m[92m   Compiling[0m toml_datetime v1.1.1+spec-1.1.0
[1m[92m   Compiling[0m target-lexicon v0.13.5
[1m[92m   Compiling[0m heck v0.5.0
[1m[92m   Compiling[0m smallvec v1.15.2
[1m[92m   Compiling[0m serde_spanned v1.1.1
[1m[92m   Compiling[0m version-compare v0.2.1
[1m[92m   Compiling[0m syn v2.0.118
[1m[92m   Compiling[0m cfg-expr v0.20.8
[1m[92m   Compiling[0m libc v0.2.186
[1m[92m   Compiling[0m toml_parser v1.1.2+spec-1.1.0
[1m[92m    Checking[0m memchr v2.8.3
[1m[92m   Compiling[0m toml v1.1.2+spec-1.1.0
[1m[92m   Compiling[0m system-deps v7.0.8
[1m[92m    Checking[0m futures-core v0.3.32
[1m[92m    Checking[0m futures-sink v0.3.32
[1m[92m    Checking[0m pin-project-lite v0.2.17
[1m[92m   Compiling[0m shlex v2.0.1
[1m[92m   Compiling[0m glib-sys v0.22.8
[1m[92m   Compiling[0m gobject-sys v0.22.6
[1m[92m   Compiling[0m gio-sys v0.22.8
[1m[92m   Compiling[0m jobserver v0.1.35
[1m[92m   Compiling[0m find-msvc-tools v0.1.9
[1m[92m   Compiling[0m cc v1.2.67
[1m[92m    Checking[0m futures-channel v0.3.32
[1m[92m    Checking[0m slab v0.4.12
[1m[92m    Checking[0m futures-task v0.3.32
[1m[92m    Checking[0m futures-io v0.3.32
[1m[92m   Compiling[0m pango-sys v0.22.0
[1m[92m   Compiling[0m gdk-pixbuf-sys v0.22.0
[1m[92m   Compiling[0m cairo-sys-rs v0.22.0
[1m[92m    Checking[0m stable_deref_trait v1.2.1
[1m[92m   Compiling[0m synstructure v0.13.2
[1m[92m    Checking[0m bitflags v2.13.0
[1m[92m   Compiling[0m gdk4-sys v0.11.4
[1m[92m   Compiling[0m graphene-sys v0.22.8
[1m[92m    Checking[0m cfg-if v1.0.4
[1m[92m   Compiling[0m gsk4-sys v0.11.4
[1m[92m   Compiling[0m gtk4-sys v0.11.4
[1m[92m   Compiling[0m syn v1.0.109
[1m[92m    Checking[0m writeable v0.6.3
[1m[92m    Checking[0m litemap v0.8.2
[1m[92m   Compiling[0m hashbrown v0.17.1
[1m[92m   Compiling[0m equivalent v1.0.2
[1m[92m   Compiling[0m autocfg v1.5.1
[1m[92m   Compiling[0m serde_core v1.0.228
[1m[92m    Checking[0m once_cell v1.21.4
[1m[92m   Compiling[0m semver v1.0.28
[1m[92m   Compiling[0m memoffset v0.9.1
[1m[92m   Compiling[0m indexmap v2.14.0
[1m[92m   Compiling[0m rustc_version v0.4.1
[1m[92m   Compiling[0m futures-macro v0.3.32
[1m[92m   Compiling[0m zerofrom-derive v0.1.7
[1m[92m   Compiling[0m yoke-derive v0.8.2
[1m[92m   Compiling[0m glib-macros v0.22.6
[1m[92m    Checking[0m futures-util v0.3.32
[1m[92m    Checking[0m zerofrom v0.1.8
[1m[92m   Compiling[0m zerovec-derive v0.11.3
[1m[92m    Checking[0m yoke v0.8.3
[1m[92m   Compiling[0m displaydoc v0.2.6
[1m[92m    Checking[0m zerotrie v0.2.4
[1m[92m    Checking[0m zerovec v0.11.6
[1m[92m    Checking[0m tinystr v0.8.3
[1m[92m    Checking[0m icu_locale_core v2.2.0
[1m[92m    Checking[0m futures-executor v0.3.32
[1m[92m    Checking[0m potential_utf v0.1.5
[1m[92m    Checking[0m getrandom v0.2.17
[1m[92m   Compiling[0m icu_properties_data v2.2.0
[1m[92m    Checking[0m utf8_iter v1.0.4
[1m[92m   Compiling[0m icu_normalizer_data v2.2.0
[1m[92m    Checking[0m icu_collections v2.2.0
[1m[92m    Checking[0m icu_provider v2.2.0
[1m[92m   Compiling[0m toml_edit v0.25.12+spec-1.1.0
[1m[92m   Compiling[0m field-offset v0.3.6
[1m[92m    Checking[0m glib v0.22.8
[1m[92m   Compiling[0m ring v0.17.14
[1m[92m    Checking[0m zeroize v1.9.0
[1m[92m    Checking[0m rustls-pki-types v1.15.0
[1m[92m   Compiling[0m proc-macro-crate v3.5.0
[1m[92m   Compiling[0m zstd-sys v2.0.16+zstd.1.5.7
[1m[92m   Compiling[0m version_check v0.9.5
[1m[92m   Compiling[0m ahash v0.7.8
[1m[92m   Compiling[0m gtk4-macros v0.11.4
[1m[92m    Checking[0m icu_normalizer v2.2.0
[1m[92m    Checking[0m icu_properties v2.2.0
[1m[92m   Compiling[0m ptr_meta_derive v0.1.4
[1m[92m   Compiling[0m libadwaita-sys v0.9.2
[1m[92m    Checking[0m aho-corasick v1.1.4
[1m[92m    Checking[0m allocator-api2 v0.2.21
[1m[92m    Checking[0m untrusted v0.9.0
[1m[92m    Checking[0m regex-syntax v0.8.11
[1m[92m    Checking[0m gio v0.22.8
[1m[92m    Checking[0m cairo-rs v0.22.0
[1m[92m    Checking[0m graphene-rs v0.22.8
[1m[92m    Checking[0m scopeguard v1.2.0
[1m[92m    Checking[0m foldhash v0.2.0
[1m[92m    Checking[0m log v0.4.33
[1m[92m   Compiling[0m bytecheck v0.6.12
[1m[92m    Checking[0m lock_api v0.4.14
[1m[92m    Checking[0m regex-automata v0.4.15
[1m[92m    Checking[0m ptr_meta v0.1.4
[1m[92m    Checking[0m idna_adapter v1.2.2
[1m[92m   Compiling[0m bytecheck_derive v0.6.12
[1m[92m   Compiling[0m vte4-sys v0.10.0
[1m[92m   Compiling[0m zmij v1.0.21
[1m[92m   Compiling[0m relm4-css v0.11.0
[1m[92m    Checking[0m percent-encoding v2.3.2
[1m[92m   Compiling[0m cfg_aliases v0.2.1
[1m[92m    Checking[0m simdutf8 v0.1.5
[1m[92m   Compiling[0m serde v1.0.228
[1m[92m   Compiling[0m rend v0.4.2
[1m[92m   Compiling[0m rustls v0.23.41
[1m[92m   Compiling[0m zstd-safe v7.2.4
[1m[92m   Compiling[0m io-lifetimes v2.0.4
[1m[92m    Checking[0m form_urlencoded v1.2.2
[1m[92m   Compiling[0m nix v0.31.3
[1m[92m    Checking[0m idna v1.1.0
[1m[92m    Checking[0m regex v1.13.0
[1m[92m    Checking[0m rustls-webpki v0.103.13
[1m[92m    Checking[0m spin v0.9.8
[1m[92m    Checking[0m webpki-roots v1.0.8
[1m[92m   Compiling[0m serde_derive v1.0.228
[1m[92m   Compiling[0m tracing-attributes v0.1.31
[1m[92m    Checking[0m tracing-core v0.1.36
[1m[92m   Compiling[0m pcre2-sys v0.2.10
[1m[92m    Checking[0m fastrand v2.4.1
[1m[92m   Compiling[0m rkyv v0.7.46
[1m[92m    Checking[0m itoa v1.0.18
[1m[92m   Compiling[0m serde_json v1.0.150
[1m[92m    Checking[0m subtle v2.6.1
[1m[92m    Checking[0m utf8parse v0.2.2
[1m[92m    Checking[0m anstyle-parse v1.0.0
[1m[92m    Checking[0m flume v0.12.0
[1m[92m    Checking[0m pango v0.22.8
[1m[92m    Checking[0m gdk-pixbuf v0.22.0
[1m[92m    Checking[0m tracing v0.1.44
[1m[92m    Checking[0m webpki-roots v0.26.11
[1m[92m    Checking[0m url v2.5.8
[1m[92m    Checking[0m hashbrown v0.12.3
[1m[92m    Checking[0m gdk4 v0.11.4
[1m[92m   Compiling[0m rkyv_derive v0.7.46
[1m[92m    Checking[0m futures v0.3.32
[1m[92m   Compiling[0m relm4-macros v0.11.0
[1m[92m    Checking[0m thread_local v1.1.10
[1m[92m    Checking[0m tokio v1.52.3
[1m[92m    Checking[0m gsk4 v0.11.4
[1m[92m    Checking[0m fragile v2.1.0
[1m[92m    Checking[0m base64 v0.22.1
[1m[92m    Checking[0m colorchoice v1.0.5
[1m[92m    Checking[0m anstyle-query v1.1.5
[1m[92m    Checking[0m toml_writer v1.1.1+spec-1.1.0
[1m[92m    Checking[0m unsafe-libyaml v0.2.11
[1m[92m    Checking[0m seahash v4.1.0
[1m[92m    Checking[0m ryu v1.0.23
[1m[92m    Checking[0m is_terminal_polyfill v1.70.2
[1m[92m    Checking[0m anstyle v1.0.14
[1m[92m    Checking[0m anstream v1.0.0
[1m[92m    Checking[0m gtk4 v0.11.4
[1m[92m    Checking[0m serde_yaml v0.9.34+deprecated
[1m[92m    Checking[0m ureq v2.12.1
[1m[92m    Checking[0m fuzzy-matcher v0.3.7
[1m[92m    Checking[0m env_filter v2.0.0
[1m[92m    Checking[0m lru v0.18.1
[1m[92m    Checking[0m jiff v0.2.32
[1m[92m    Checking[0m unicode-bidi-mirroring v0.4.0
[1m[92m    Checking[0m unicode-width v0.2.2
[1m[92m    Checking[0m unicode-bidi v0.3.18
[1m[92m    Checking[0m env_logger v0.11.11
[1m[92m    Checking[0m zstd v0.13.3
[1m[92m    Checking[0m libadwaita v0.9.2
[1m[92m    Checking[0m vte4 v0.10.0
[1m[92m    Checking[0m relm4 v0.11.0
[1m[92m    Checking[0m jterm1 v0.1.0 (/home/runner/work/jterm1/jterm1)
[1m[92m    Finished[0m `dev` profile [optimized + debuginfo] target(s) in 56.34s
